addi-service/trunk/src/main/resources/javascript/jscommon/devel/Help.use.js
addi-service/trunk/src/main/resources/javascript/jscommon/devel/Log.use.js
addi-service/trunk/src/main/resources/javascript/jscommon/devel/Reflection.use.js
addi-service/trunk/src/main/resources/javascript/jscommon/devel/UnitTest.use.js
addi-service/trunk/src/main/resources/javascript/jscommon/system/ModulesInfo.use.js
addi-service/trunk/src/main/resources/javascript/jscommon/system/Print.use.js
addi-service/trunk/src/main/resources/javascript/jscommon/system/System.use.js
addi-service/trunk/src/main/resources/javascript/jscommon/util/StringUtil.use.js
addi-service/trunk/src/main/resources/javascript/jscommon/util/Util.use.js
addi-service/trunk/src/main/resources/javascript/jscommon/util/ValueCheck.use.js
addi-service/trunk/src/main/resources/javascript/jscommon/util/XmlNamespaces.use.js
addi-service/trunk/src/main/resources/javascript/jscommon/util/XmlUtil.use.js
addi-service/trunk/src/main/resources/javascript/Relations.use.js
datadock/trunk/scripts/DcCreator.use.js
datadock/trunk/scripts/ModulesInfo.use.js
datadock/trunk/scripts/Normalize.use.js
datadock/trunk/scripts/XmlUtil.use.js
dbc-jslib/trunk/src/jscommon/jsapi/config/Config.use.js
dbc-jslib/trunk/src/jscommon/jsapi/convert/OpenFormatFunctions.use.js
dbc-jslib/trunk/src/jscommon/jsapi/convert/OpenFormatObject.use.js
dbc-jslib/trunk/src/jscommon/jsapi/convert/OpenFormatUtil.use.js
dbc-jslib/trunk/src/jscommon/jsapi/convert/POTables.use.js
dbc-jslib/trunk/src/jscommon/jsapi/convert/Tables.use.js
dbc-jslib/trunk/src/jscommon/jsapi/devel/Completion.use.js
dbc-jslib/trunk/src/jscommon/jsapi/devel/Help.use.js
dbc-jslib/trunk/src/jscommon/jsapi/devel/Interactive.use.js
dbc-jslib/trunk/src/jscommon/jsapi/devel/Log.use.js
dbc-jslib/trunk/src/jscommon/jsapi/devel/Profiling.use.js
dbc-jslib/trunk/src/jscommon/jsapi/devel/Reflection.use.js
dbc-jslib/trunk/src/jscommon/jsapi/devel/Sdoc.use.js
dbc-jslib/trunk/src/jscommon/jsapi/devel/StdRef.use.js
dbc-jslib/trunk/src/jscommon/jsapi/devel/UnitTest.use.js
dbc-jslib/trunk/src/jscommon/jsapi/io/Binary.use.js
dbc-jslib/trunk/src/jscommon/jsapi/marc/MarcFileExtension.use.js
dbc-jslib/trunk/src/jscommon/jsapi/marc/MarcXchangeToMarcObject.use.js
dbc-jslib/trunk/src/jscommon/jsapi/net/NcipClient.use.js
dbc-jslib/trunk/src/jscommon/jsapi/net/NumberRoll.use.js
dbc-jslib/trunk/src/jscommon/jsapi/net/OpenAgency.use.js
dbc-jslib/trunk/src/jscommon/jsapi/net/XmlHttpRest.use.js
dbc-jslib/trunk/src/jscommon/jsapi/system/Console.use.js
dbc-jslib/trunk/src/jscommon/jsapi/system/Immutable.use.js
dbc-jslib/trunk/src/jscommon/jsapi/system/ModulesInfo.use.js
dbc-jslib/trunk/src/jscommon/jsapi/system/Print.use.js
dbc-jslib/trunk/src/jscommon/jsapi/system/System.Internals.use.js
dbc-jslib/trunk/src/jscommon/jsapi/system/System.use.js
dbc-jslib/trunk/src/jscommon/jsapi/system/System.Util.use.js
dbc-jslib/trunk/src/jscommon/jsapi/util/DateUtil.use.js
dbc-jslib/trunk/src/jscommon/jsapi/util/Md5.use.js
dbc-jslib/trunk/src/jscommon/jsapi/util/StringUtil.use.js
dbc-jslib/trunk/src/jscommon/jsapi/util/Util.use.js
dbc-jslib/trunk/src/jscommon/jsapi/util/ValueCheck.use.js
dbc-jslib/trunk/src/jscommon/jsapi/util/XmlElements.use.js
dbc-jslib/trunk/src/jscommon/jsapi/util/XmlNamespaces.use.js
dbc-jslib/trunk/src/jscommon/jsapi/util/XmlUtil.use.js
dbc-jslib/trunk/src/jscommon/usetest/ToBigToCompile1.use.js
dbc-jslib/trunk/src/jscommon/usetest/ToBigToCompile2.use.js
dbc-jslib/trunk/src/test/java/dk/dbc/jslib/Normalize.use.js
dbc-jsshell/trunk/src/jscommon/jsapi/config/Config.use.js
dbc-jsshell/trunk/src/jscommon/jsapi/convert/OpenFormatFunctions.use.js
dbc-jsshell/trunk/src/jscommon/jsapi/convert/OpenFormatObject.use.js
dbc-jsshell/trunk/src/jscommon/jsapi/convert/OpenFormatUtil.use.js
dbc-jsshell/trunk/src/jscommon/jsapi/convert/POTables.use.js
dbc-jsshell/trunk/src/jscommon/jsapi/convert/Tables.use.js
dbc-jsshell/trunk/src/jscommon/jsapi/devel/Completion.use.js
dbc-jsshell/trunk/src/jscommon/jsapi/devel/Help.use.js
dbc-jsshell/trunk/src/jscommon/jsapi/devel/Interactive.use.js
dbc-jsshell/trunk/src/jscommon/jsapi/devel/Log.use.js
dbc-jsshell/trunk/src/jscommon/jsapi/devel/Profiling.use.js
dbc-jsshell/trunk/src/jscommon/jsapi/devel/Reflection.use.js
dbc-jsshell/trunk/src/jscommon/jsapi/devel/Sdoc.use.js
dbc-jsshell/trunk/src/jscommon/jsapi/devel/StdRef.use.js
dbc-jsshell/trunk/src/jscommon/jsapi/devel/UnitTest.use.js
dbc-jsshell/trunk/src/jscommon/jsapi/io/Binary.use.js
dbc-jsshell/trunk/src/jscommon/jsapi/marc/MarcFileExtension.use.js
dbc-jsshell/trunk/src/jscommon/jsapi/marc/MarcXchangeToMarcObject.use.js
dbc-jsshell/trunk/src/jscommon/jsapi/net/NcipClient.use.js
dbc-jsshell/trunk/src/jscommon/jsapi/net/NumberRoll.use.js
dbc-jsshell/trunk/src/jscommon/jsapi/net/OpenAgency.use.js
dbc-jsshell/trunk/src/jscommon/jsapi/net/XmlHttpRest.use.js
dbc-jsshell/trunk/src/jscommon/jsapi/system/Console.use.js
dbc-jsshell/trunk/src/jscommon/jsapi/system/Immutable.use.js
dbc-jsshell/trunk/src/jscommon/jsapi/system/ModulesInfo.use.js
dbc-jsshell/trunk/src/jscommon/jsapi/system/Print.use.js
dbc-jsshell/trunk/src/jscommon/jsapi/system/System.Internals.use.js
dbc-jsshell/trunk/src/jscommon/jsapi/system/System.use.js
dbc-jsshell/trunk/src/jscommon/jsapi/system/System.Util.use.js
dbc-jsshell/trunk/src/jscommon/jsapi/util/DateUtil.use.js
dbc-jsshell/trunk/src/jscommon/jsapi/util/Md5.use.js
dbc-jsshell/trunk/src/jscommon/jsapi/util/StringUtil.use.js
dbc-jsshell/trunk/src/jscommon/jsapi/util/Util.use.js
dbc-jsshell/trunk/src/jscommon/jsapi/util/ValueCheck.use.js
dbc-jsshell/trunk/src/jscommon/jsapi/util/XmlElements.use.js
dbc-jsshell/trunk/src/jscommon/jsapi/util/XmlNamespaces.use.js
dbc-jsshell/trunk/src/jscommon/jsapi/util/XmlUtil.use.js
dbc-jsshell/trunk/src/jscommon/usetest/ToBigToCompile1.use.js
dbc-jsshell/trunk/src/jscommon/usetest/ToBigToCompile2.use.js
hive/trunk/src/main/resources/javascript/DcStreamCreator.use.js
hive/trunk/src/main/resources/javascript/DeleteObjects.use.js
hive/trunk/src/main/resources/javascript/HoldingsCreator.use.js
hive/trunk/src/main/resources/javascript/IdExtractor.use.js
hive/trunk/src/main/resources/javascript/jscommon/devel/Help.use.js
hive/trunk/src/main/resources/javascript/jscommon/devel/Log.use.js
hive/trunk/src/main/resources/javascript/jscommon/devel/Reflection.use.js
hive/trunk/src/main/resources/javascript/jscommon/devel/UnitTest.use.js
hive/trunk/src/main/resources/javascript/jscommon/system/ModulesInfo.use.js
hive/trunk/src/main/resources/javascript/jscommon/system/Print.use.js
hive/trunk/src/main/resources/javascript/jscommon/system/System.use.js
hive/trunk/src/main/resources/javascript/jscommon/util/StringUtil.use.js
hive/trunk/src/main/resources/javascript/jscommon/util/Util.use.js
hive/trunk/src/main/resources/javascript/jscommon/util/ValueCheck.use.js
hive/trunk/src/main/resources/javascript/jscommon/util/XmlNamespaces.use.js
hive/trunk/src/main/resources/javascript/jscommon/util/XmlUtil.use.js
hive/trunk/src/main/resources/javascript/LocalStreamCreator.use.js
hive/trunk/src/main/resources/javascript/Normalize.use.js
hive/trunk/src/main/resources/javascript/OriginalStreamCreator.use.js
hive/trunk/src/main/resources/javascript/PrimarySelector.use.js
hive/trunk/src/main/resources/javascript/PriorityLists.use.js
hive/trunk/src/main/resources/javascript/Relations.use.js
hive/trunk/src/main/resources/javascript/StreamHarvester.use.js
hive/trunk/src/main/resources/javascript/UnitMatcher.use.js
hive/trunk/src/main/resources/javascript/UnitStreamHarvester.use.js
hive/trunk/src/main/resources/javascript/WorkMatcher.use.js
drift/opensearch/config/drift-1.2/scripts/DcCreator.use.js
drift/opensearch/config/drift-1.2/scripts/XmlUtil.use.js
drift/opensearch/config/drift-1.6/scripts/branch-1.4-scripts-archived/DcCreator.use.js
drift/opensearch/config/drift-1.6/scripts/branch-1.4-scripts-archived/XmlUtil.use.js
drift/opensearch/config/drift-1.6/scripts/DcCreator.use.js
drift/opensearch/config/drift-1.6/scripts/XmlUtil.use.js
drift/opensearch/config/nextkilde/scripts/DcCreator.use.js
drift/opensearch/config/nextkilde/scripts/XmlUtil.use.js
holdings-dih/trunk/src/main/resources/javascript/jscommon/devel/Help.use.js
holdings-dih/trunk/src/main/resources/javascript/jscommon/devel/Log.use.js
holdings-dih/trunk/src/main/resources/javascript/jscommon/devel/Reflection.use.js
holdings-dih/trunk/src/main/resources/javascript/jscommon/devel/UnitTest.use.js
holdings-dih/trunk/src/main/resources/javascript/jscommon/system/ModulesInfo.use.js
holdings-dih/trunk/src/main/resources/javascript/jscommon/system/Print.use.js
holdings-dih/trunk/src/main/resources/javascript/jscommon/system/System.use.js
holdings-dih/trunk/src/main/resources/javascript/jscommon/util/StringUtil.use.js
holdings-dih/trunk/src/main/resources/javascript/jscommon/util/Util.use.js
holdings-dih/trunk/src/main/resources/javascript/jscommon/util/ValueCheck.use.js
holdings-dih/trunk/src/main/resources/javascript/jscommon/util/XmlNamespaces.use.js
holdings-dih/trunk/src/main/resources/javascript/jscommon/util/XmlUtil.use.js
holdingsprocessor/trunk/src/main/resources/javascript/HoldingsProcessor.use.js
holdingsprocessor/trunk/src/main/resources/javascript/jscommon/devel/Help.use.js
holdingsprocessor/trunk/src/main/resources/javascript/jscommon/devel/Log.use.js
holdingsprocessor/trunk/src/main/resources/javascript/jscommon/devel/Reflection.use.js
holdingsprocessor/trunk/src/main/resources/javascript/jscommon/devel/UnitTest.use.js
holdingsprocessor/trunk/src/main/resources/javascript/jscommon/system/ModulesInfo.use.js
holdingsprocessor/trunk/src/main/resources/javascript/jscommon/system/Print.use.js
holdingsprocessor/trunk/src/main/resources/javascript/jscommon/system/System.use.js
holdingsprocessor/trunk/src/main/resources/javascript/jscommon/util/StringUtil.use.js
holdingsprocessor/trunk/src/main/resources/javascript/jscommon/util/Util.use.js
holdingsprocessor/trunk/src/main/resources/javascript/jscommon/util/ValueCheck.use.js
holdingsprocessor/trunk/src/main/resources/javascript/jscommon/util/XmlNamespaces.use.js
holdingsprocessor/trunk/src/main/resources/javascript/jscommon/util/XmlUtil.use.js
jscommon/trunk/jsapi/config/Config.use.js
jscommon/trunk/jsapi/convert/OpenFormatFunctions.use.js
jscommon/trunk/jsapi/convert/OpenFormatObject.use.js
jscommon/trunk/jsapi/convert/OpenFormatUtil.use.js
jscommon/trunk/jsapi/convert/POTables.use.js
jscommon/trunk/jsapi/convert/Tables.use.js
jscommon/trunk/jsapi/devel/Completion.use.js
jscommon/trunk/jsapi/devel/Help.use.js
jscommon/trunk/jsapi/devel/Interactive.use.js
jscommon/trunk/jsapi/devel/Log.use.js
jscommon/trunk/jsapi/devel/Profiling.use.js
jscommon/trunk/jsapi/devel/Reflection.use.js
jscommon/trunk/jsapi/devel/Sdoc.use.js
jscommon/trunk/jsapi/devel/StdRef.use.js
jscommon/trunk/jsapi/devel/UnitTest.use.js
jscommon/trunk/jsapi/io/Binary.use.js
jscommon/trunk/jsapi/marc/MarcFileExtension.use.js
jscommon/trunk/jsapi/marc/MarcXchangeToMarcObject.use.js
jscommon/trunk/jsapi/net/NcipClient.use.js
jscommon/trunk/jsapi/net/NumberRoll.use.js
jscommon/trunk/jsapi/net/OpenAgency.use.js
jscommon/trunk/jsapi/net/XmlHttpRest.use.js
jscommon/trunk/jsapi/system/Console.use.js
jscommon/trunk/jsapi/system/Immutable.use.js
jscommon/trunk/jsapi/system/ModulesInfo.use.js
jscommon/trunk/jsapi/system/Print.use.js
jscommon/trunk/jsapi/system/System.Internals.use.js
jscommon/trunk/jsapi/system/System.use.js
jscommon/trunk/jsapi/system/System.Util.use.js
jscommon/trunk/jsapi/util/DateUtil.use.js
jscommon/trunk/jsapi/util/Md5.use.js
jscommon/trunk/jsapi/util/StringUtil.use.js
jscommon/trunk/jsapi/util/Util.use.js
jscommon/trunk/jsapi/util/ValueCheck.use.js
jscommon/trunk/jsapi/util/XmlElements.use.js
jscommon/trunk/jsapi/util/XmlNamespaces.use.js
jscommon/trunk/jsapi/util/XmlUtil.use.js
jscommon/trunk/usetest/ToBigToCompile1.use.js
jscommon/trunk/usetest/ToBigToCompile2.use.js
jsconvert/trunk/js/Dm2ToXml.use.js
jsconvert/trunk/js/EsAddi.use.js
jsconvert/trunk/js/MarcRecord.use.js
jsconvert/trunk/js/OpenFormatEntryBibdk.use.js
jsconvert/trunk/js/OpenFormatEntryHtml.use.js
jsconvert/trunk/js/XmlToDkabm.use.js
jsconvert/trunk/js/XmlToDM2.use.js
jsconvert/trunk/js/XmlToOpenSearchObject.use.js
jsconvert/trunk/js/XmlToOpenUrl.use.js
jsconvert/trunk/js/XmlToRdf.use.js
jsdoc/snippets/new_function.js
jslib/trunk/javascript/marc/MarcXchange.use.js
jslib/trunk/javascript/test/WeekNumber.use.js
jslib/trunk/jscommon/jsapi/config/Config.use.js
jslib/trunk/jscommon/jsapi/convert/OpenFormatFunctions.use.js
jslib/trunk/jscommon/jsapi/convert/OpenFormatObject.use.js
jslib/trunk/jscommon/jsapi/convert/OpenFormatUtil.use.js
jslib/trunk/jscommon/jsapi/convert/POTables.use.js
jslib/trunk/jscommon/jsapi/convert/Tables.use.js
jslib/trunk/jscommon/jsapi/devel/Completion.use.js
jslib/trunk/jscommon/jsapi/devel/Help.use.js
jslib/trunk/jscommon/jsapi/devel/Interactive.use.js
jslib/trunk/jscommon/jsapi/devel/Log.use.js
jslib/trunk/jscommon/jsapi/devel/Profiling.use.js
jslib/trunk/jscommon/jsapi/devel/Reflection.use.js
jslib/trunk/jscommon/jsapi/devel/Sdoc.use.js
jslib/trunk/jscommon/jsapi/devel/StdRef.use.js
jslib/trunk/jscommon/jsapi/devel/UnitTest.use.js
jslib/trunk/jscommon/jsapi/io/Binary.use.js
jslib/trunk/jscommon/jsapi/marc/MarcFileExtension.use.js
jslib/trunk/jscommon/jsapi/marc/MarcXchangeToMarcObject.use.js
jslib/trunk/jscommon/jsapi/net/NcipClient.use.js
jslib/trunk/jscommon/jsapi/net/NumberRoll.use.js
jslib/trunk/jscommon/jsapi/net/OpenAgency.use.js
jslib/trunk/jscommon/jsapi/net/XmlHttpRest.use.js
jslib/trunk/jscommon/jsapi/system/Console.use.js
jslib/trunk/jscommon/jsapi/system/Immutable.use.js
jslib/trunk/jscommon/jsapi/system/ModulesInfo.use.js
jslib/trunk/jscommon/jsapi/system/Print.use.js
jslib/trunk/jscommon/jsapi/system/System.Internals.use.js
jslib/trunk/jscommon/jsapi/system/System.use.js
jslib/trunk/jscommon/jsapi/system/System.Util.use.js
jslib/trunk/jscommon/jsapi/util/DateUtil.use.js
jslib/trunk/jscommon/jsapi/util/Md5.use.js
jslib/trunk/jscommon/jsapi/util/StringUtil.use.js
jslib/trunk/jscommon/jsapi/util/Util.use.js
jslib/trunk/jscommon/jsapi/util/ValueCheck.use.js
jslib/trunk/jscommon/jsapi/util/XmlElements.use.js
jslib/trunk/jscommon/jsapi/util/XmlNamespaces.use.js
jslib/trunk/jscommon/jsapi/util/XmlUtil.use.js
jslib/trunk/jscommon/usetest/ToBigToCompile1.use.js
jslib/trunk/jscommon/usetest/ToBigToCompile2.use.js
jssql/trunk/src/oracle.js
jssql/trunk/src/sqlite.js
openformat/trunk/src/jscommon/jsapi/config/Config.use.js
openformat/trunk/src/jscommon/jsapi/convert/OpenFormatFunctions.use.js
openformat/trunk/src/jscommon/jsapi/convert/OpenFormatObject.use.js
openformat/trunk/src/jscommon/jsapi/convert/OpenFormatUtil.use.js
openformat/trunk/src/jscommon/jsapi/convert/POTables.use.js
openformat/trunk/src/jscommon/jsapi/convert/Tables.use.js
openformat/trunk/src/jscommon/jsapi/devel/Completion.use.js
openformat/trunk/src/jscommon/jsapi/devel/Help.use.js
openformat/trunk/src/jscommon/jsapi/devel/Interactive.use.js
openformat/trunk/src/jscommon/jsapi/devel/Log.use.js
openformat/trunk/src/jscommon/jsapi/devel/Profiling.use.js
openformat/trunk/src/jscommon/jsapi/devel/Reflection.use.js
openformat/trunk/src/jscommon/jsapi/devel/Sdoc.use.js
openformat/trunk/src/jscommon/jsapi/devel/StdRef.use.js
openformat/trunk/src/jscommon/jsapi/devel/UnitTest.use.js
openformat/trunk/src/jscommon/jsapi/io/Binary.use.js
openformat/trunk/src/jscommon/jsapi/marc/MarcFileExtension.use.js
openformat/trunk/src/jscommon/jsapi/marc/MarcXchangeToMarcObject.use.js
openformat/trunk/src/jscommon/jsapi/net/NcipClient.use.js
openformat/trunk/src/jscommon/jsapi/net/NumberRoll.use.js
openformat/trunk/src/jscommon/jsapi/net/OpenAgency.use.js
openformat/trunk/src/jscommon/jsapi/net/XmlHttpRest.use.js
openformat/trunk/src/jscommon/jsapi/system/Console.use.js
openformat/trunk/src/jscommon/jsapi/system/Immutable.use.js
openformat/trunk/src/jscommon/jsapi/system/ModulesInfo.use.js
openformat/trunk/src/jscommon/jsapi/system/Print.use.js
openformat/trunk/src/jscommon/jsapi/system/System.Internals.use.js
openformat/trunk/src/jscommon/jsapi/system/System.use.js
openformat/trunk/src/jscommon/jsapi/system/System.Util.use.js
openformat/trunk/src/jscommon/jsapi/util/DateUtil.use.js
openformat/trunk/src/jscommon/jsapi/util/Md5.use.js
openformat/trunk/src/jscommon/jsapi/util/StringUtil.use.js
openformat/trunk/src/jscommon/jsapi/util/Util.use.js
openformat/trunk/src/jscommon/jsapi/util/ValueCheck.use.js
openformat/trunk/src/jscommon/jsapi/util/XmlElements.use.js
openformat/trunk/src/jscommon/jsapi/util/XmlNamespaces.use.js
openformat/trunk/src/jscommon/jsapi/util/XmlUtil.use.js
openformat/trunk/src/jscommon/usetest/ToBigToCompile1.use.js
openformat/trunk/src/jscommon/usetest/ToBigToCompile2.use.js
openformat/trunk/src/jsconvert/Dm2ToXml.use.js
openformat/trunk/src/jsconvert/EsAddi.use.js
openformat/trunk/src/jsconvert/MarcRecord.use.js
openformat/trunk/src/jsconvert/OpenFormatEntryBibdk.use.js
openformat/trunk/src/jsconvert/OpenFormatEntryHtml.use.js
openformat/trunk/src/jsconvert/XmlToDkabm.use.js
openformat/trunk/src/jsconvert/XmlToDM2.use.js
openformat/trunk/src/jsconvert/XmlToOpenSearchObject.use.js
openformat/trunk/src/jsconvert/XmlToOpenUrl.use.js
openformat/trunk/src/jsconvert/XmlToRdf.use.js
openformat-ws/trunk/ws/src/main/resources/jsconvert/Dm2ToXml.use.js
openformat-ws/trunk/ws/src/main/resources/jsconvert/EsAddi.use.js
openformat-ws/trunk/ws/src/main/resources/jsconvert/MarcRecord.use.js
openformat-ws/trunk/ws/src/main/resources/jsconvert/MarcXchangeToMarcObject.use.js
openformat-ws/trunk/ws/src/main/resources/jsconvert/POTables.use.js
openformat-ws/trunk/ws/src/main/resources/jsconvert/Tables.use.js
openformat-ws/trunk/ws/src/main/resources/jsconvert/XmlToDkabm.use.js
openformat-ws/trunk/ws/src/main/resources/jsconvert/XmlToDM2.use.js
openformat-ws/trunk/ws/src/main/resources/jsconvert/XmlToOpenFormat.use.js
openformat-ws/trunk/ws/src/main/resources/jsconvert/XmlToOpenSearchObject.use.js
openformat-ws/trunk/ws/src/main/resources/jsconvert/XmlToOpenUrl.use.js
openformat-ws/trunk/ws/src/main/resources/jsconvert/XmlToRdf.use.js
opensearch/trunk/https/DcCreator.use.js
opensearch/trunk/https/ModulesInfo.use.js
opensearch/trunk/https/Normalize.use.js
opensearch/trunk/https/XmlUtil.use.js
opensearch/trunk/scripts/DcCreator.use.js
opensearch/trunk/scripts/ModulesInfo.use.js
opensearch/trunk/scripts/Normalize.use.js
opensearch/trunk/scripts/XmlUtil.use.js
ors/trunk/javascript/AgencyInfo.use.js
ors/trunk/javascript/Automate.use.js
ors/trunk/javascript/BabelFish.use.js
ors/trunk/javascript/Config.use.js
ors/trunk/javascript/DBCOrderToUbf.use.js
ors/trunk/javascript/fake/FakeEsgaroth.use.js
ors/trunk/javascript/fake/TasksAndOrders.use.js
ors/trunk/javascript/fake/Testcase.use.js
ors/trunk/javascript/lib/BibliographicData.use.js
ors/trunk/javascript/lib/Esgaroth.use.js
ors/trunk/javascript/lib/Exception.use.js
ors/trunk/javascript/lib/Holdings.use.js
ors/trunk/javascript/lib/Iso8459Dbmf.use.js
ors/trunk/javascript/lib/Mail.use.js
ors/trunk/javascript/lib/Mock.use.js
ors/trunk/javascript/lib/ORS.use.js
ors/trunk/javascript/lib/Sleep.use.js
ors/trunk/javascript/lib/Test.use.js
ors/trunk/javascript/lib/Z3950.use.js
ors/trunk/javascript/MailMessages.use.js
ors/trunk/javascript/MessagesToUbf.use.js
ors/trunk/javascript/Messages.use.js
ors/trunk/javascript/NcipToUbf.use.js
ors/trunk/javascript/NewTask.use.js
ors/trunk/javascript/OpenHoldingStatus.use.js
ors/trunk/javascript/OpenSearch.use.js
ors/trunk/javascript/OrderPolicy.use.js
ors/trunk/javascript/Order.use.js
ors/trunk/javascript/TemplateModule.use.js
ors/trunk/javascript/Z3950Messages.use.js
ors/trunk/javascript/Z3950ToUbf.use.js
os-demo/trunk/scripts/os_demo/20110701_rhinowrestler/rhinowrestler/src/main/scripts/ModulesInfo.use.js
os-demo/trunk/scripts/os_demo/20110923_es_datadock_standalone/scripts/DcCreator.use.js
os-demo/trunk/scripts/os_demo/20110923_es_datadock_standalone/scripts/ModulesInfo.use.js
os-demo/trunk/scripts/os_demo/20110923_es_datadock_standalone/scripts/Normalize.use.js
os-demo/trunk/scripts/os_demo/20110923_es_datadock_standalone/scripts/XmlUtil.use.js
os-js/trunk/scripts/DcCreator.use.js
os-js/trunk/scripts/XmlUtil.use.js
rhinowrestler/trunk/src/main/scripts/ModulesInfo.use.js
skuffe/rlo/aptana/Javascript/snippets/new_function.js
skuffe/rlo/javascript/Dm2ToXml.use.js
skuffe/rlo/javascript/EsAddi.use.js
skuffe/rlo/javascript/XmlElements.use.js
skuffe/rlo/javascript/XmlOut.use.js
skuffe/rlo/javascript/XmlToDM2.use.js
skuffe/rlo/javascript/XmlToOpenSearchObject.use.js
skuffe/rlo/javascript/XmlUtil.use.js
skuffe/rje/git-svn-sync/misc/jsDocExtract/DocExtract.js
skuffe/rje/public/misc/xmldoc2json.js
skuffe/ave/EsAddi.use.js
skuffe/ave/javascript/Dm2ToXml.use.js
skuffe/ave/javascript/EsAddi.use.js
skuffe/ave/javascript/XmlElements.use.js
skuffe/ave/javascript/XmlOut.use.js
skuffe/ave/javascript/XmlToDM2.use.js
skuffe/ave/javascript/XmlToOpenSearchObject.use.js
skuffe/ave/javascript/XmlUtil.use.js
skuffe/ave/XmlOut.use.js
solr-dbc-dm1/trunk/src/main/resources/javascript/AddiToCql.use.js
solr-dbc-dm1/trunk/src/main/resources/javascript/DanmarcxchangeToCql.use.js
solr-dbc-dm1/trunk/src/main/resources/javascript/DkabmToCql.use.js
solr-dbc-dm1/trunk/src/main/resources/javascript/DocbookToCql.use.js
solr-dbc-dm1/trunk/src/main/resources/javascript/jscommon/devel/Help.use.js
solr-dbc-dm1/trunk/src/main/resources/javascript/jscommon/devel/Log.use.js
solr-dbc-dm1/trunk/src/main/resources/javascript/jscommon/devel/Reflection.use.js
solr-dbc-dm1/trunk/src/main/resources/javascript/jscommon/devel/UnitTest.use.js
solr-dbc-dm1/trunk/src/main/resources/javascript/jscommon/system/ModulesInfo.use.js
solr-dbc-dm1/trunk/src/main/resources/javascript/jscommon/system/Print.use.js
solr-dbc-dm1/trunk/src/main/resources/javascript/jscommon/system/System.use.js
solr-dbc-dm1/trunk/src/main/resources/javascript/jscommon/util/StringUtil.use.js
solr-dbc-dm1/trunk/src/main/resources/javascript/jscommon/util/Util.use.js
solr-dbc-dm1/trunk/src/main/resources/javascript/jscommon/util/ValueCheck.use.js
solr-dbc-dm1/trunk/src/main/resources/javascript/jscommon/util/XmlNamespaces.use.js
solr-dbc-dm1/trunk/src/main/resources/javascript/jscommon/util/XmlUtil.use.js
solr-dbc-dm1/trunk/src/main/resources/javascript/NmalbumToCql.use.js
solr-dbc-dm1/trunk/src/main/resources/javascript/OsoToCql.use.js
solr-dbc-dm1/trunk/src/main/resources/javascript/XmlUtil.use.js
solr-dbc-dm2/trunk/src/main/resources/javascript/AddiToCql.use.js
solr-dbc-dm2/trunk/src/main/resources/javascript/DanmarcxchangeToCql.use.js
solr-dbc-dm2/trunk/src/main/resources/javascript/DkabmToCql.use.js
solr-dbc-dm2/trunk/src/main/resources/javascript/DocbookToCql.use.js
solr-dbc-dm2/trunk/src/main/resources/javascript/jscommon/devel/Help.use.js
solr-dbc-dm2/trunk/src/main/resources/javascript/jscommon/devel/Log.use.js
solr-dbc-dm2/trunk/src/main/resources/javascript/jscommon/devel/Reflection.use.js
solr-dbc-dm2/trunk/src/main/resources/javascript/jscommon/devel/UnitTest.use.js
solr-dbc-dm2/trunk/src/main/resources/javascript/jscommon/system/ModulesInfo.use.js
solr-dbc-dm2/trunk/src/main/resources/javascript/jscommon/system/Print.use.js
solr-dbc-dm2/trunk/src/main/resources/javascript/jscommon/system/System.use.js
solr-dbc-dm2/trunk/src/main/resources/javascript/jscommon/util/StringUtil.use.js
solr-dbc-dm2/trunk/src/main/resources/javascript/jscommon/util/Util.use.js
solr-dbc-dm2/trunk/src/main/resources/javascript/jscommon/util/ValueCheck.use.js
solr-dbc-dm2/trunk/src/main/resources/javascript/jscommon/util/XmlNamespaces.use.js
solr-dbc-dm2/trunk/src/main/resources/javascript/jscommon/util/XmlUtil.use.js
solr-dbc-dm2/trunk/src/main/resources/javascript/NmalbumToCql.use.js
solr-dbc-dm2/trunk/src/main/resources/javascript/OsoToCql.use.js
solr-oo/trunk/src/main/resources/javascript/AddiToCql.use.js
solr-oo/trunk/src/main/resources/javascript/DanmarcxchangeToCql.use.js
solr-oo/trunk/src/main/resources/javascript/DkabmToCql.use.js
solr-oo/trunk/src/main/resources/javascript/DocbookToCql.use.js
solr-oo/trunk/src/main/resources/javascript/NmalbumToCql.use.js
solr-oo/trunk/src/main/resources/javascript/OsoToCql.use.js
